// Jest Snapshot v1, https://goo.gl/fbAQLP

exports[`GifItem should snapshot 1`] = `
<div>
  <div
    class="card"
  >
    <img
      alt="title"
      src="https://one-punch.com/saitama.jpg"
    />
    <p>
       
      title
       
    </p>
  </div>
</div>
`;
